[www.themechampion.com/templates/indofact_html_landing_page/theme/index3.html]
[backblue.gif]
[fade.gif]
[index.html]
[www.themechampion.com/templates/indofact_html_landing_page/theme/index.html]
[www.themechampion.com/templates/indofact_html_landing_page/theme/images/header3-logo.png]
[www.themechampion.com/templates/indofact_html_landing_page/theme/images/header-3-sticky-logo.png]
[www.themechampion.com/templates/indofact_html_landing_page/theme/index2.html]
[www.themechampion.com/templates/indofact_html_landing_page/theme/index4.html]
[www.themechampion.com/templates/indofact_html_landing_page/theme/index5.html]
[www.themechampion.com/templates/indofact_html_landing_page/theme/about.html]
[www.themechampion.com/templates/indofact_html_landing_page/theme/faq.html]
[www.themechampion.com/templates/indofact_html_landing_page/theme/team.html]
[www.themechampion.com/templates/indofact_html_landing_page/theme/testimonials.html]
[www.themechampion.com/templates/indofact_html_landing_page/theme/maintenance.html]
[www.themechampion.com/templates/indofact_html_landing_page/theme/coming-soon.html]
[www.themechampion.com/templates/indofact_html_landing_page/theme/page-404.html]
[www.themechampion.com/templates/indofact_html_landing_page/theme/services.html]
[www.themechampion.com/templates/indofact_html_landing_page/theme/manufacturing.html]
[www.themechampion.com/templates/indofact_html_landing_page/theme/cnc-industry.html]
[www.themechampion.com/templates/indofact_html_landing_page/theme/chemical-industry.html]
[www.themechampion.com/templates/indofact_html_landing_page/theme/energy-engineering.html]
[www.themechampion.com/templates/indofact_html_landing_page/theme/oil-industry.html]
[www.themechampion.com/templates/indofact_html_landing_page/theme/material-engineering.html]
[www.themechampion.com/templates/indofact_html_landing_page/theme/portfolio-2.html]
[www.themechampion.com/templates/indofact_html_landing_page/theme/portfolio-3.html]
[www.themechampion.com/templates/indofact_html_landing_page/theme/portfolio-4.html]
[www.themechampion.com/templates/indofact_html_landing_page/theme/portfolio-5.html]
[www.themechampion.com/templates/indofact_html_landing_page/theme/blog.html]
[www.themechampion.com/templates/indofact_html_landing_page/theme/blog-left-sidebar.html]
[www.themechampion.com/templates/indofact_html_landing_page/theme/blog-right-sidebar.html]
[www.themechampion.com/templates/indofact_html_landing_page/theme/shop.html]
[www.themechampion.com/templates/indofact_html_landing_page/theme/shop-detail.html]
[www.themechampion.com/templates/indofact_html_landing_page/theme/cart.html]
[www.themechampion.com/templates/indofact_html_landing_page/theme/checkout.html]
[www.themechampion.com/templates/indofact_html_landing_page/theme/contact.html]
[www.themechampion.com/templates/indofact_html_landing_page/theme/request-quote.html]
[www.themechampion.com/templates/indofact_html_landing_page/theme/images/team-icon.png]
[www.themechampion.com/templates/indofact_html_landing_page/theme/images/delivery-time-icon.png]
[www.themechampion.com/templates/indofact_html_landing_page/theme/images/quality-icon.png]
[www.themechampion.com/templates/indofact_html_landing_page/theme/images/whoweare-img.jpg]
[www.themechampion.com/templates/indofact_html_landing_page/theme/images/home2-images/home2-manufacturing-img.jpg]
[www.themechampion.com/templates/indofact_html_landing_page/theme/images/home2-images/home2-cncindustry-img.jpg]
[www.themechampion.com/templates/indofact_html_landing_page/theme/images/home2-images/home2-energyengineering-img.jpg]
[www.themechampion.com/templates/indofact_html_landing_page/theme/images/home2-images/home2-oilindustry-img.jpg]
[www.themechampion.com/templates/indofact_html_landing_page/theme/images/home2-images/home2-materialengineering-img.jpg]
[www.themechampion.com/templates/indofact_html_landing_page/theme/agriculture.html]
[www.themechampion.com/templates/indofact_html_landing_page/theme/images/home3-images/home3-project-img1.jpg]
[www.themechampion.com/templates/indofact_html_landing_page/theme/images/home3-images/home3-project-img3.jpg]
[www.themechampion.com/templates/indofact_html_landing_page/theme/images/home3-images/home3-project-img4.jpg]
[www.themechampion.com/templates/indofact_html_landing_page/theme/images/home3-images/home3-project-img5.jpg]
[www.themechampion.com/templates/indofact_html_landing_page/theme/images/home3-images/home3-project-img6.jpg]
[www.themechampion.com/templates/indofact_html_landing_page/theme/images/home3-client-img1.png]
[www.themechampion.com/templates/indofact_html_landing_page/theme/images/home3-client-img2.png]
[www.themechampion.com/templates/indofact_html_landing_page/theme/images/home3-client-img3.png]
[www.themechampion.com/templates/indofact_html_landing_page/theme/images/home3-client-img4.png]
[www.themechampion.com/templates/indofact_html_landing_page/theme/images/home3-client-img5.png]
[www.themechampion.com/templates/indofact_html_landing_page/theme/images/home3-client-img6.png]
[www.themechampion.com/templates/indofact_html_landing_page/theme/images/client-logo1.jpg]
[www.themechampion.com/templates/indofact_html_landing_page/theme/images/client-logo2.jpg]
[www.themechampion.com/templates/indofact_html_landing_page/theme/images/client-logo3.jpg]
[www.themechampion.com/templates/indofact_html_landing_page/theme/images/client-logo4.jpg]
[www.themechampion.com/templates/indofact_html_landing_page/theme/images/client-logo5.jpg]
[www.themechampion.com/templates/indofact_html_landing_page/theme/images/client-logo6.jpg]
[www.themechampion.com/templates/indofact_html_landing_page/theme/images/ftr-logo.png]
[www.themechampion.com/templates/indofact_html_landing_page/theme/js/jquery.min.js]
[www.themechampion.com/templates/indofact_html_landing_page/theme/js/bootstrap.min.js]
[www.themechampion.com/templates/indofact_html_landing_page/theme/js/jquery.touchSwipe.min.js]
[www.themechampion.com/templates/indofact_html_landing_page/theme/js/responsive_bootstrap_carousel.js]
[www.themechampion.com/templates/indofact_html_landing_page/theme/js/custom.js]
[www.themechampion.com/templates/indofact_html_landing_page/theme/js/theme.js]
[www.themechampion.com/templates/indofact_html_landing_page/theme/index3.html]
[www.themechampion.com/templates/indofact_html_landing_page/theme/fonts/glyphicons-halflings-regular.eot]
[www.themechampion.com/templates/indofact_html_landing_page/theme/fonts/glyphicons-halflings-regular.woff2]
[www.themechampion.com/templates/indofact_html_landing_page/theme/fonts/glyphicons-halflings-regulard41d.eot]
[www.themechampion.com/templates/indofact_html_landing_page/theme/fonts/glyphicons-halflings-regular.woff]
[www.themechampion.com/templates/indofact_html_landing_page/theme/fonts/glyphicons-halflings-regular.ttf]
[www.themechampion.com/templates/indofact_html_landing_page/theme/css/bootstrap.min.css]
[www.themechampion.com/templates/indofact_html_landing_page/theme/images/coming-page-bg.jpg]
[www.themechampion.com/templates/indofact_html_landing_page/theme/images/btn-left-divider.jpg]
[www.themechampion.com/templates/indofact_html_landing_page/theme/images/white-search-btn.png]
[www.themechampion.com/templates/indofact_html_landing_page/theme/images/search-btn.png]
[www.themechampion.com/templates/indofact_html_landing_page/theme/images/search_popup_icon.png]
[www.themechampion.com/templates/indofact_html_landing_page/theme/images/footer-bg.jpg]
[www.themechampion.com/templates/indofact_html_landing_page/theme/images/manufacture-icon.png]
[www.themechampion.com/templates/indofact_html_landing_page/theme/images/cnc-icon.png]
[www.themechampion.com/templates/indofact_html_landing_page/theme/images/chemical-icon.png]
[www.themechampion.com/templates/indofact_html_landing_page/theme/images/energy-icon.png]
[www.themechampion.com/templates/indofact_html_landing_page/theme/images/oil-icon.png]
[www.themechampion.com/templates/indofact_html_landing_page/theme/images/material-icon.png]
[www.themechampion.com/templates/indofact_html_landing_page/theme/images/testi-quotes.png]
[www.themechampion.com/templates/indofact_html_landing_page/theme/images/delivery-icon.png]
[www.themechampion.com/templates/indofact_html_landing_page/theme/images/technology-icon.png]
[www.themechampion.com/templates/indofact_html_landing_page/theme/images/support-icon.png]
[www.themechampion.com/templates/indofact_html_landing_page/theme/images/index2-wordpress-bg.jpg]
[www.themechampion.com/templates/indofact_html_landing_page/theme/images/home2-images/project_bg.jpg]
[www.themechampion.com/templates/indofact_html_landing_page/theme/images/home3-images/home-project-bg.jpg]
[www.themechampion.com/templates/indofact_html_landing_page/theme/images/home5-delivery-img.jpg]
[www.themechampion.com/templates/indofact_html_landing_page/theme/images/home5-technology-img.jpg]
[www.themechampion.com/templates/indofact_html_landing_page/theme/images/home5-labour-img.jpg]
[www.themechampion.com/templates/indofact_html_landing_page/theme/images/home5-service1.jpg]
[www.themechampion.com/templates/indofact_html_landing_page/theme/images/home5-service2.jpg]
[www.themechampion.com/templates/indofact_html_landing_page/theme/images/home5-service3.jpg]
[www.themechampion.com/templates/indofact_html_landing_page/theme/images/home5-service4.jpg]
[www.themechampion.com/templates/indofact_html_landing_page/theme/images/home5-service5.jpg]
[www.themechampion.com/templates/indofact_html_landing_page/theme/images/home5-service6.jpg]
[www.themechampion.com/templates/indofact_html_landing_page/theme/images/choose-arrow.png]
[www.themechampion.com/templates/indofact_html_landing_page/theme/images/client-quote-img.png]
[www.themechampion.com/templates/indofact_html_landing_page/theme/images/manufacture-icon-hover.png]
[www.themechampion.com/templates/indofact_html_landing_page/theme/images/cnc-icon-hover.png]
[www.themechampion.com/templates/indofact_html_landing_page/theme/images/chemical-icon-hover.png]
[www.themechampion.com/templates/indofact_html_landing_page/theme/images/energy-icon-hover.png]
[www.themechampion.com/templates/indofact_html_landing_page/theme/images/oil-icon-hover.png]
[www.themechampion.com/templates/indofact_html_landing_page/theme/images/material-icon-hover.png]
[www.themechampion.com/templates/indofact_html_landing_page/theme/images/contact-help-bg.jpg]
[www.themechampion.com/templates/indofact_html_landing_page/theme/images/contact-help-cal.png]
[www.themechampion.com/templates/indofact_html_landing_page/theme/images/pdf-icon.jpg]
[www.themechampion.com/templates/indofact_html_landing_page/theme/images/blog-icons-list.png]
[www.themechampion.com/templates/indofact_html_landing_page/theme/images/blog-graybg-arrow.png]
[www.themechampion.com/templates/indofact_html_landing_page/theme/images/blog-testimonial-quote.png]
[www.themechampion.com/templates/indofact_html_landing_page/theme/images/404bg.jpg]
[www.themechampion.com/templates/indofact_html_landing_page/theme/images/home1-images/home1-slide1.jpg]
[www.themechampion.com/templates/indofact_html_landing_page/theme/images/home1-images/home1-slide2.jpg]
[www.themechampion.com/templates/indofact_html_landing_page/theme/images/home1-images/home1-slide3.jpg]
[www.themechampion.com/templates/indofact_html_landing_page/theme/images/home2-images/home2-slide11.jpg]
[www.themechampion.com/templates/indofact_html_landing_page/theme/images/home2-images/home2-slide12.jpg]
[www.themechampion.com/templates/indofact_html_landing_page/theme/images/home2-images/home2-slide3.jpg]
[www.themechampion.com/templates/indofact_html_landing_page/theme/images/home3-images/home3-slide1.jpg]
[www.themechampion.com/templates/indofact_html_landing_page/theme/images/home3-images/home3-slide2.jpg]
[www.themechampion.com/templates/indofact_html_landing_page/theme/images/home3-images/home3-slide3.jpg]
[www.themechampion.com/templates/indofact_html_landing_page/theme/images/home4-images/home4-slide1.jpg]
[www.themechampion.com/templates/indofact_html_landing_page/theme/images/home4-images/home4-slide2.jpg]
[www.themechampion.com/templates/indofact_html_landing_page/theme/images/home4-images/home4-slide3.jpg]
[www.themechampion.com/templates/indofact_html_landing_page/theme/images/home5-images/home5-slide1.jpg]
[www.themechampion.com/templates/indofact_html_landing_page/theme/images/home5-images/home5-slide2.jpg]
[www.themechampion.com/templates/indofact_html_landing_page/theme/images/home5-images/home5-slide3.jpg]
[www.themechampion.com/templates/indofact_html_landing_page/theme/css/style.css]
[www.themechampion.com/templates/indofact_html_landing_page/theme/css/responsive-style.css]
[www.themechampion.com/templates/indofact_html_landing_page/theme/images/zoom_icon.jpg]
[www.themechampion.com/templates/indofact_html_landing_page/theme/css/effect_style.css]
[www.themechampion.com/templates/indofact_html_landing_page/theme/css/animate.min.css]
[www.themechampion.com/templates/indofact_html_landing_page/theme/css/animate.css]
[www.themechampion.com/templates/indofact_html_landing_page/theme/css/responsive_bootstrap_carousel.css]
[www.themechampion.com/templates/indofact_html_landing_page/theme/images/logo.png]
[www.themechampion.com/templates/indofact_html_landing_page/theme/images/white-logo.png]
[www.themechampion.com/templates/indofact_html_landing_page/theme/images/wordpress-bg-img.png]
[www.themechampion.com/templates/indofact_html_landing_page/theme/oil-plant.html]
[www.themechampion.com/templates/indofact_html_landing_page/theme/images/home1-images/home1-petrochemical-project1.jpg]
[www.themechampion.com/templates/indofact_html_landing_page/theme/electronical.html]
[www.themechampion.com/templates/indofact_html_landing_page/theme/images/home1-images/home1-electronic-project1.jpg]
[www.themechampion.com/templates/indofact_html_landing_page/theme/factory-farm.html]
[www.themechampion.com/templates/indofact_html_landing_page/theme/images/home1-images/home1-farm-project1.jpg]
[www.themechampion.com/templates/indofact_html_landing_page/theme/gas-pipeline.html]
[www.themechampion.com/templates/indofact_html_landing_page/theme/images/home1-images/home1-gaspipeline-project1.jpg]
[www.themechampion.com/templates/indofact_html_landing_page/theme/images/home1-images/home1-oilplant-project1.jpg]
[www.themechampion.com/templates/indofact_html_landing_page/theme/petro-chemicals.html]
[www.themechampion.com/templates/indofact_html_landing_page/theme/images/home1-images/eco-project-image1.jpg]
[www.themechampion.com/templates/indofact_html_landing_page/theme/images/home1-images/eco-project-image2.jpg]
[www.themechampion.com/templates/indofact_html_landing_page/theme/images/home1-images/eco-project-image3.jpg]
[www.themechampion.com/templates/indofact_html_landing_page/theme/images/home1-images/eco-project-image4.jpg]
[www.themechampion.com/templates/indofact_html_landing_page/theme/images/home1-images/manufacturing-project-image1.jpg]
[www.themechampion.com/templates/indofact_html_landing_page/theme/images/home1-images/manufacturing-project-image2.jpg]
[www.themechampion.com/templates/indofact_html_landing_page/theme/images/home1-images/manufacturing-project-image3.jpg]
[www.themechampion.com/templates/indofact_html_landing_page/theme/images/home1-images/manufacturing-project-image4.jpg]
[www.themechampion.com/templates/indofact_html_landing_page/theme/images/home1-images/home1-agriculture-project1.jpg]
[www.themechampion.com/templates/indofact_html_landing_page/theme/images/home1-images/oil-project-image1.jpg]
[www.themechampion.com/templates/indofact_html_landing_page/theme/images/home1-images/oil-project-image2.jpg]
[www.themechampion.com/templates/indofact_html_landing_page/theme/images/home1-images/oil-project-image3.jpg]
[www.themechampion.com/templates/indofact_html_landing_page/theme/images/home1-images/oil-project-image4.jpg]
[www.themechampion.com/templates/indofact_html_landing_page/theme/images/testi-client-img1.png]
[www.themechampion.com/templates/indofact_html_landing_page/theme/images/testi-client-img2.jpg]
[www.themechampion.com/templates/indofact_html_landing_page/theme/images/testi-client-img3.jpg]
[www.themechampion.com/templates/indofact_html_landing_page/theme/images/home1-images/home1-news-img1.jpg]
[www.themechampion.com/templates/indofact_html_landing_page/theme/images/home1-images/home1-news-img2.jpg]
[www.themechampion.com/templates/indofact_html_landing_page/theme/images/home1-images/home1-news-img3.jpg]
[www.themechampion.com/templates/indofact_html_landing_page/theme/index.html]
[www.themechampion.com/templates/indofact_html_landing_page/theme/images/black-logo.png]
[www.themechampion.com/templates/indofact_html_landing_page/theme/images/who-are-img.jpg]
[www.themechampion.com/templates/indofact_html_landing_page/theme/images/home2-images/home2-news-img1.jpg]
[www.themechampion.com/templates/indofact_html_landing_page/theme/images/home2-images/home2-news-img2.jpg]
[www.themechampion.com/templates/indofact_html_landing_page/theme/images/home2-images/home2-news-img3.jpg]
[www.themechampion.com/templates/indofact_html_landing_page/theme/index2.html]
[www.themechampion.com/templates/indofact_html_landing_page/theme/index4.html]
[www.themechampion.com/templates/indofact_html_landing_page/theme/images/delivery-icon1.png]
[www.themechampion.com/templates/indofact_html_landing_page/theme/images/technology-icon1.png]
[www.themechampion.com/templates/indofact_html_landing_page/theme/images/standard-labor-icon.png]
[www.themechampion.com/templates/indofact_html_landing_page/theme/index5.html]
[www.themechampion.com/templates/indofact_html_landing_page/theme/images/about-banner.jpg]
[www.themechampion.com/templates/indofact_html_landing_page/theme/images/why-choose-bg.png]
[www.themechampion.com/templates/indofact_html_landing_page/theme/images/humble-begin-img.png]
[www.themechampion.com/templates/indofact_html_landing_page/theme/images/headquarter-img.png]
[www.themechampion.com/templates/indofact_html_landing_page/theme/images/opening-loc-img.png]
[www.themechampion.com/templates/indofact_html_landing_page/theme/images/coverage-img.png]
[www.themechampion.com/templates/indofact_html_landing_page/theme/images/team-img1.jpg]
[www.themechampion.com/templates/indofact_html_landing_page/theme/images/team-img2.jpg]
[www.themechampion.com/templates/indofact_html_landing_page/theme/images/team-img3.jpg]
[www.themechampion.com/templates/indofact_html_landing_page/theme/about.html]
[www.themechampion.com/templates/indofact_html_landing_page/theme/images/faq-banner.jpg]
[www.themechampion.com/templates/indofact_html_landing_page/theme/faq.html]
[www.themechampion.com/templates/indofact_html_landing_page/theme/images/team-banner.jpg]
[www.themechampion.com/templates/indofact_html_landing_page/theme/images/ourteam-img1.jpg]
[www.themechampion.com/templates/indofact_html_landing_page/theme/images/ourteam-img2.jpg]
[www.themechampion.com/templates/indofact_html_landing_page/theme/images/ourteam-img3.jpg]
[www.themechampion.com/templates/indofact_html_landing_page/theme/images/ourteam-img4.jpg]
[www.themechampion.com/templates/indofact_html_landing_page/theme/team.html]
[www.themechampion.com/templates/indofact_html_landing_page/theme/images/testimonial-banner.jpg]
[www.themechampion.com/templates/indofact_html_landing_page/theme/images/client-img1.jpg]
[www.themechampion.com/templates/indofact_html_landing_page/theme/images/client-img2.jpg]
[www.themechampion.com/templates/indofact_html_landing_page/theme/images/client-img3.jpg]
[www.themechampion.com/templates/indofact_html_landing_page/theme/images/client-img4.jpg]
[www.themechampion.com/templates/indofact_html_landing_page/theme/testimonials.html]
[www.themechampion.com/templates/indofact_html_landing_page/theme/images/maintenance-bg.png]
[www.themechampion.com/templates/indofact_html_landing_page/theme/maintenance.html]
[www.themechampion.com/templates/indofact_html_landing_page/theme/js/comming-soon.js]
[www.themechampion.com/templates/indofact_html_landing_page/theme/coming-soon.html]
[www.themechampion.com/templates/indofact_html_landing_page/theme/page-404.html]
[www.themechampion.com/templates/indofact_html_landing_page/theme/images/service-banner.jpg]
[www.themechampion.com/templates/indofact_html_landing_page/theme/services.html]
[www.themechampion.com/templates/indofact_html_landing_page/theme/images/manufacturing-banner.jpg]
[www.themechampion.com/templates/indofact_html_landing_page/theme/images/manufacture-rght-img.jpg]
[www.themechampion.com/templates/indofact_html_landing_page/theme/images/specialization-img.jpg]
[www.themechampion.com/templates/indofact_html_landing_page/theme/manufacturing.html]
[www.themechampion.com/templates/indofact_html_landing_page/theme/images/cnc-banner.jpg]
[www.themechampion.com/templates/indofact_html_landing_page/theme/images/cnc-right-img1.jpg]
[www.themechampion.com/templates/indofact_html_landing_page/theme/images/cnc-right-img2.jpg]
[www.themechampion.com/templates/indofact_html_landing_page/theme/images/service_img1.jpg]
[www.themechampion.com/templates/indofact_html_landing_page/theme/cnc-industry.html]
[www.themechampion.com/templates/indofact_html_landing_page/theme/images/chemical-banner.jpg]
[www.themechampion.com/templates/indofact_html_landing_page/theme/chemical-industry.html]
[www.themechampion.com/templates/indofact_html_landing_page/theme/images/energy-engineering-banner.jpg]
[www.themechampion.com/templates/indofact_html_landing_page/theme/images/energy-right-img.jpg]
[www.themechampion.com/templates/indofact_html_landing_page/theme/energy-engineering.html]
[www.themechampion.com/templates/indofact_html_landing_page/theme/images/oil-industry-banner.jpg]
[www.themechampion.com/templates/indofact_html_landing_page/theme/images/oil_img2.jpg]
[www.themechampion.com/templates/indofact_html_landing_page/theme/oil-industry.html]
[www.themechampion.com/templates/indofact_html_landing_page/theme/images/material-banner.jpg]
[www.themechampion.com/templates/indofact_html_landing_page/theme/images/material-rght-img.jpg]
[www.themechampion.com/templates/indofact_html_landing_page/theme/material-engineering.html]
[www.themechampion.com/templates/indofact_html_landing_page/theme/images/portfolio-banner.jpg]
[www.themechampion.com/templates/indofact_html_landing_page/theme/images/agri-img.jpg]
[www.themechampion.com/templates/indofact_html_landing_page/theme/images/electric-img.jpg]
[www.themechampion.com/templates/indofact_html_landing_page/theme/images/farm-img.jpg]
[www.themechampion.com/templates/indofact_html_landing_page/theme/images/gas-img.jpg]
[www.themechampion.com/templates/indofact_html_landing_page/theme/images/oil-pipe-img.jpg]
[www.themechampion.com/templates/indofact_html_landing_page/theme/images/petro-img.jpg]
[www.themechampion.com/templates/indofact_html_landing_page/theme/js/imagelightbox.min.js]
[www.themechampion.com/templates/indofact_html_landing_page/theme/js/isotope.min.js]
[www.themechampion.com/templates/indofact_html_landing_page/theme/js/main.js]
[www.themechampion.com/templates/indofact_html_landing_page/theme/portfolio-2.html]
[www.themechampion.com/templates/indofact_html_landing_page/theme/images/oil-plant-img.jpg]
[www.themechampion.com/templates/indofact_html_landing_page/theme/images/project-det-img.jpg]
[www.themechampion.com/templates/indofact_html_landing_page/theme/images/martial-img.jpg]
[www.themechampion.com/templates/indofact_html_landing_page/theme/portfolio-3.html]
[www.themechampion.com/templates/indofact_html_landing_page/theme/portfolio-4.html]
[www.themechampion.com/templates/indofact_html_landing_page/theme/portfolio-5.html]
[www.themechampion.com/templates/indofact_html_landing_page/theme/images/blog-banner.jpg]
[www.themechampion.com/templates/indofact_html_landing_page/theme/blog-detail.html]
[www.themechampion.com/templates/indofact_html_landing_page/theme/images/blog-img1.jpg]
[www.themechampion.com/templates/indofact_html_landing_page/theme/images/blog-img2.jpg]
[www.themechampion.com/templates/indofact_html_landing_page/theme/images/blog-img3.jpg]
[www.themechampion.com/templates/indofact_html_landing_page/theme/blog.html]
[www.themechampion.com/templates/indofact_html_landing_page/theme/images/post-img1.jpg]
[www.themechampion.com/templates/indofact_html_landing_page/theme/images/post-img2.jpg]
[www.themechampion.com/templates/indofact_html_landing_page/theme/images/post-img3.jpg]
[www.themechampion.com/templates/indofact_html_landing_page/theme/images/post-img4.jpg]
[www.themechampion.com/templates/indofact_html_landing_page/theme/blog-left-sidebar.html]
[www.themechampion.com/templates/indofact_html_landing_page/theme/blog-right-sidebar.html]
[www.themechampion.com/templates/indofact_html_landing_page/theme/images/shop-banner.jpg]
[www.themechampion.com/templates/indofact_html_landing_page/theme/images/yellow-star.png]
[www.themechampion.com/templates/indofact_html_landing_page/theme/images/shop-product1.jpg]
[www.themechampion.com/templates/indofact_html_landing_page/theme/images/gray-star.png]
[www.themechampion.com/templates/indofact_html_landing_page/theme/images/shop-product2.jpg]
[www.themechampion.com/templates/indofact_html_landing_page/theme/images/shop-product3.jpg]
[www.themechampion.com/templates/indofact_html_landing_page/theme/images/shop-product4.jpg]
[www.themechampion.com/templates/indofact_html_landing_page/theme/images/shop-product5.jpg]
[www.themechampion.com/templates/indofact_html_landing_page/theme/images/shop-product6.jpg]
[www.themechampion.com/templates/indofact_html_landing_page/theme/images/shop-product7.jpg]
[www.themechampion.com/templates/indofact_html_landing_page/theme/images/shop-product8.jpg]
[www.themechampion.com/templates/indofact_html_landing_page/theme/images/shop-product9.jpg]
[www.themechampion.com/templates/indofact_html_landing_page/theme/shop.html]
[www.themechampion.com/templates/indofact_html_landing_page/theme/images/product-large-img.jpg]
[www.themechampion.com/templates/indofact_html_landing_page/theme/images/yellow-star1.jpg]
[www.themechampion.com/templates/indofact_html_landing_page/theme/images/yellow-star2.jpg]
[www.themechampion.com/templates/indofact_html_landing_page/theme/images/yellow-star3.jpg]
[www.themechampion.com/templates/indofact_html_landing_page/theme/shop-detail.html]
[www.themechampion.com/templates/indofact_html_landing_page/theme/images/cart-image.jpg]
[www.themechampion.com/templates/indofact_html_landing_page/theme/images/delete-icon.png]
[www.themechampion.com/templates/indofact_html_landing_page/theme/cart.html]
[www.themechampion.com/templates/indofact_html_landing_page/theme/images/paypal-img.png]
[www.themechampion.com/templates/indofact_html_landing_page/theme/checkout.html]
[www.themechampion.com/templates/indofact_html_landing_page/theme/images/contact-banner.jpg]
[www.themechampion.com/templates/indofact_html_landing_page/theme/images/contact-address-icon.png]
[www.themechampion.com/templates/indofact_html_landing_page/theme/images/contact-phn-icon.png]
[www.themechampion.com/templates/indofact_html_landing_page/theme/images/contact-msg-icon.png]
[www.themechampion.com/templates/indofact_html_landing_page/theme/contact.html]
[www.themechampion.com/templates/indofact_html_landing_page/theme/images/requestquote-banner.jpg]
[www.themechampion.com/templates/indofact_html_landing_page/theme/request-quote.html]
[www.themechampion.com/templates/indofact_html_landing_page/theme/images/home2-images/home2-chemicalindustry-img.jpg]
[www.themechampion.com/templates/indofact_html_landing_page/theme/images/agricultural-large-img.jpg]
[www.themechampion.com/templates/indofact_html_landing_page/theme/images/agricultural-scope-img.jpg]
[www.themechampion.com/templates/indofact_html_landing_page/theme/agriculture.html]
[www.themechampion.com/templates/indofact_html_landing_page/theme/images/home3-images/home3-project-img2.jpg]
[www.themechampion.com/templates/indofact_html_landing_page/theme/fonts/glyphicons-halflings-regular.svg]
[www.themechampion.com/templates/indofact_html_landing_page/theme/fonts/fontawesome-webfont93e3.eot]
[www.themechampion.com/templates/indofact_html_landing_page/theme/fonts/fontawesome-webfontd41d.eot]
[www.themechampion.com/templates/indofact_html_landing_page/theme/fonts/fontawesome-webfont93e3.woff2]
[www.themechampion.com/templates/indofact_html_landing_page/theme/fonts/fontawesome-webfont93e3.woff]
[www.themechampion.com/templates/indofact_html_landing_page/theme/fonts/fontawesome-webfont93e3.ttf]
[www.themechampion.com/templates/indofact_html_landing_page/theme/css/font-awesome.min.css]
[www.themechampion.com/templates/indofact_html_landing_page/theme/fonts/codropsicons/codropsicons.115.delayed]
[www.themechampion.com/templates/indofact_html_landing_page/theme/fonts/codropsicons/codropsiconsd41d.eot]
[www.themechampion.com/templates/indofact_html_landing_page/theme/fonts/codropsicons/codropsicons.117.delayed]
[www.themechampion.com/templates/indofact_html_landing_page/theme/fonts/codropsicons/codropsicons.ttf]
[www.themechampion.com/templates/indofact_html_landing_page/theme/fonts/codropsicons/codropsicons.svg]
[www.themechampion.com/templates/indofact_html_landing_page/theme/css/demo.css]
[www.themechampion.com/templates/indofact_html_landing_page/theme/fonts/feathericons/feathericons3869.eot]
[www.themechampion.com/templates/indofact_html_landing_page/theme/fonts/feathericons/feathericonsd41d.eot]
[www.themechampion.com/templates/indofact_html_landing_page/theme/fonts/feathericons/feathericons3869.woff]
[www.themechampion.com/templates/indofact_html_landing_page/theme/fonts/feathericons/feathericons3869.ttf]
[www.themechampion.com/templates/indofact_html_landing_page/theme/fonts/feathericons/feathericons3869.svg]
[www.themechampion.com/templates/indofact_html_landing_page/theme/css/set1.css]
[www.themechampion.com/templates/indofact_html_landing_page/theme/images/factory-farm-large-img.jpg]
[www.themechampion.com/templates/indofact_html_landing_page/theme/images/factory-right-img.jpg]
[www.themechampion.com/templates/indofact_html_landing_page/theme/images/farm-scope-img.jpg]
[www.themechampion.com/templates/indofact_html_landing_page/theme/oil-plant.html]
[www.themechampion.com/templates/indofact_html_landing_page/theme/images/electronical-large-img.jpg]
[www.themechampion.com/templates/indofact_html_landing_page/theme/electronical.html]
[www.themechampion.com/templates/indofact_html_landing_page/theme/factory-farm.html]
[www.themechampion.com/templates/indofact_html_landing_page/theme/images/gas-pipe-large-img.jpg]
[www.themechampion.com/templates/indofact_html_landing_page/theme/gas-pipeline.html]
[www.themechampion.com/templates/indofact_html_landing_page/theme/petro-chemicals.html]
[www.themechampion.com/templates/indofact_html_landing_page/theme/images/oil_img1.jpg]
[www.themechampion.com/templates/indofact_html_landing_page/theme/images/gallery_page/fancybox_sprite.124.delayed]
[www.themechampion.com/templates/indofact_html_landing_page/theme/images/gallery_page/fancybox_loading.gif]
[www.themechampion.com/templates/indofact_html_landing_page/theme/images/blank.gif]
[www.themechampion.com/templates/indofact_html_landing_page/theme/images/gallery_page/fancybox_overlay.png]
[www.themechampion.com/templates/indofact_html_landing_page/theme/images/fancybox_sprite@2x.png]
[www.themechampion.com/templates/indofact_html_landing_page/theme/images/fancybox_loading@2x.gif]
[www.themechampion.com/templates/indofact_html_landing_page/theme/css/jquery.fancybox.css]
[www.themechampion.com/templates/indofact_html_landing_page/theme/blog-detail.html]
[www.themechampion.com/templates/indofact_html_landing_page/theme/fonts/fontawesome-webfont93e3.svg]
[www.themechampion.com/templates/indofact_html_landing_page/theme/fonts/codropsicons/codropsicons.html]
[www.themechampion.com/templates/indofact_html_landing_page/theme/fonts/codropsicons/codropsiconsd41d.html]
[www.themechampion.com/templates/indofact_html_landing_page/theme/fonts/codropsicons/codropsicons-2.html]
[www.themechampion.com/templates/indofact_html_landing_page/theme/fonts/codropsicons/codropsicons-3.html]
[www.themechampion.com/templates/indofact_html_landing_page/theme/fonts/codropsicons/codropsicons-4.html]
[www.themechampion.com/templates/indofact_html_landing_page/theme/fonts/feathericons/feathericons3869.html]
[www.themechampion.com/templates/indofact_html_landing_page/theme/fonts/feathericons/feathericonsd41d.html]
[www.themechampion.com/templates/indofact_html_landing_page/theme/fonts/feathericons/feathericons3869-2.html]
[www.themechampion.com/templates/indofact_html_landing_page/theme/fonts/feathericons/feathericons3869-3.html]
[www.themechampion.com/templates/indofact_html_landing_page/theme/fonts/feathericons/feathericons3869-4.html]
[www.themechampion.com/templates/indofact_html_landing_page/theme/images/gallery_page/fancybox_sprite.html]
[www.themechampion.com/templates/indofact_html_landing_page/theme/images/gallery_page/fancybox_loading.html]
[www.themechampion.com/templates/indofact_html_landing_page/theme/images/blank.html]
[www.themechampion.com/templates/indofact_html_landing_page/theme/images/gallery_page/fancybox_overlay.html]
[www.themechampion.com/templates/indofact_html_landing_page/theme/images/fancybox_sprite@2x.html]
[www.themechampion.com/templates/indofact_html_landing_page/theme/images/fancybox_loading@2x.html]
